[2026-06-18 06:18:39] production.ERROR: The D:\Study\CLOUD\BookingHomestay\BookingHomestay\bootstrap\bootstrap\cache directory must be present and writable. {"exception":"[object] (Exception(code: 0): The D:\\Study\\CLOUD\\BookingHomestay\\BookingHomestay\\bootstrap\\bootstrap\\cache directory must be present and writable. at D:/Study/CLOUD/BookingHomestay/BookingHomestay/vendor/laravel/framework/src/Illuminate/Foundation/PackageManifest.php:179)
[stacktrace]
#0 D:/Study/CLOUD/BookingHomestay/BookingHomestay/vendor/laravel/framework/src/Illuminate/Foundation/PackageManifest.php(132): Illuminate/Foundation/PackageManifest->write()
#1 D:/Study/CLOUD/BookingHomestay/BookingHomestay/vendor/laravel/framework/src/Illuminate/Foundation/PackageManifest.php(108): Illuminate/Foundation/PackageManifest->build()
#2 D:/Study/CLOUD/BookingHomestay/BookingHomestay/vendor/laravel/framework/src/Illuminate/Foundation/PackageManifest.php(90): Illuminate/Foundation/PackageManifest->getManifest()
#3 D:/Study/CLOUD/BookingHomestay/BookingHomestay/vendor/laravel/framework/src/Illuminate/Foundation/PackageManifest.php(79): Illuminate/Foundation/PackageManifest->config()
#4 D:/Study/CLOUD/BookingHomestay/BookingHomestay/vendor/laravel/framework/src/Illuminate/Foundation/Bootstrap/RegisterFacades.php(26): Illuminate/Foundation/PackageManifest->aliases()
#5 D:/Study/CLOUD/BookingHomestay/BookingHomestay/vendor/laravel/framework/src/Illuminate/Foundation/Application.php(342): Illuminate/Foundation/Bootstrap/RegisterFacades->bootstrap()
#6 D:/Study/CLOUD/BookingHomestay/BookingHomestay/vendor/laravel/framework/src/Illuminate/Foundation/Console/Kernel.php(494): Illuminate/Foundation/Application->bootstrapWith()
#7 D:/Study/CLOUD/BookingHomestay/BookingHomestay/vendor/laravel/framework/src/Illuminate/Foundation/Console/Kernel.php(196): Illuminate/Foundation/Console/Kernel->bootstrap()
#8 D:/Study/CLOUD/BookingHomestay/BookingHomestay/vendor/laravel/framework/src/Illuminate/Foundation/Application.php(1235): Illuminate/Foundation/Console/Kernel->handle()
#9 D:/Study/CLOUD/BookingHomestay/BookingHomestay/artisan(16): Illuminate/Foundation/Application->handleCommand()
#10 {main}
"} 
[2026-06-18 06:20:16] production.ERROR: The D:\Study\CLOUD\BookingHomestay\BookingHomestay\bootstrap\cache/..\bootstrap\cache directory must be present and writable. {"exception":"[object] (Exception(code: 0): The D:\\Study\\CLOUD\\BookingHomestay\\BookingHomestay\\bootstrap\\cache/..\\bootstrap\\cache directory must be present and writable. at D:/Study/CLOUD/BookingHomestay/BookingHomestay/vendor/laravel/framework/src/Illuminate/Foundation/PackageManifest.php:179)
[stacktrace]
#0 D:/Study/CLOUD/BookingHomestay/BookingHomestay/vendor/laravel/framework/src/Illuminate/Foundation/PackageManifest.php(132): Illuminate/Foundation/PackageManifest->write()
#1 D:/Study/CLOUD/BookingHomestay/BookingHomestay/vendor/laravel/framework/src/Illuminate/Foundation/PackageManifest.php(108): Illuminate/Foundation/PackageManifest->build()
#2 D:/Study/CLOUD/BookingHomestay/BookingHomestay/vendor/laravel/framework/src/Illuminate/Foundation/PackageManifest.php(90): Illuminate/Foundation/PackageManifest->getManifest()
#3 D:/Study/CLOUD/BookingHomestay/BookingHomestay/vendor/laravel/framework/src/Illuminate/Foundation/PackageManifest.php(79): Illuminate/Foundation/PackageManifest->config()
#4 D:/Study/CLOUD/BookingHomestay/BookingHomestay/vendor/laravel/framework/src/Illuminate/Foundation/Bootstrap/RegisterFacades.php(26): Illuminate/Foundation/PackageManifest->aliases()
#5 D:/Study/CLOUD/BookingHomestay/BookingHomestay/vendor/laravel/framework/src/Illuminate/Foundation/Application.php(342): Illuminate/Foundation/Bootstrap/RegisterFacades->bootstrap()
#6 D:/Study/CLOUD/BookingHomestay/BookingHomestay/vendor/laravel/framework/src/Illuminate/Foundation/Console/Kernel.php(494): Illuminate/Foundation/Application->bootstrapWith()
#7 D:/Study/CLOUD/BookingHomestay/BookingHomestay/vendor/laravel/framework/src/Illuminate/Foundation/Console/Kernel.php(196): Illuminate/Foundation/Console/Kernel->bootstrap()
#8 D:/Study/CLOUD/BookingHomestay/BookingHomestay/vendor/laravel/framework/src/Illuminate/Foundation/Application.php(1235): Illuminate/Foundation/Console/Kernel->handle()
#9 D:/Study/CLOUD/BookingHomestay/BookingHomestay/artisan(16): Illuminate/Foundation/Application->handleCommand()
#10 {main}
"} 
[2026-06-18 06:22:26] production.ERROR: The D:\Study\CLOUD\BookingHomestay\BookingHomestay\bootstrap\cache/..\bootstrap\cache directory must be present and writable. {"exception":"[object] (Exception(code: 0): The D:\\Study\\CLOUD\\BookingHomestay\\BookingHomestay\\bootstrap\\cache/..\\bootstrap\\cache directory must be present and writable. at D:/Study/CLOUD/BookingHomestay/BookingHomestay/vendor/laravel/framework/src/Illuminate/Foundation/PackageManifest.php:179)
[stacktrace]
#0 D:/Study/CLOUD/BookingHomestay/BookingHomestay/vendor/laravel/framework/src/Illuminate/Foundation/PackageManifest.php(132): Illuminate/Foundation/PackageManifest->write()
#1 D:/Study/CLOUD/BookingHomestay/BookingHomestay/vendor/laravel/framework/src/Illuminate/Foundation/PackageManifest.php(108): Illuminate/Foundation/PackageManifest->build()
#2 D:/Study/CLOUD/BookingHomestay/BookingHomestay/vendor/laravel/framework/src/Illuminate/Foundation/PackageManifest.php(90): Illuminate/Foundation/PackageManifest->getManifest()
#3 D:/Study/CLOUD/BookingHomestay/BookingHomestay/vendor/laravel/framework/src/Illuminate/Foundation/PackageManifest.php(79): Illuminate/Foundation/PackageManifest->config()
#4 D:/Study/CLOUD/BookingHomestay/BookingHomestay/vendor/laravel/framework/src/Illuminate/Foundation/Bootstrap/RegisterFacades.php(26): Illuminate/Foundation/PackageManifest->aliases()
#5 D:/Study/CLOUD/BookingHomestay/BookingHomestay/vendor/laravel/framework/src/Illuminate/Foundation/Application.php(342): Illuminate/Foundation/Bootstrap/RegisterFacades->bootstrap()
#6 D:/Study/CLOUD/BookingHomestay/BookingHomestay/vendor/laravel/framework/src/Illuminate/Foundation/Console/Kernel.php(494): Illuminate/Foundation/Application->bootstrapWith()
#7 D:/Study/CLOUD/BookingHomestay/BookingHomestay/vendor/laravel/framework/src/Illuminate/Foundation/Console/Kernel.php(196): Illuminate/Foundation/Console/Kernel->bootstrap()
#8 D:/Study/CLOUD/BookingHomestay/BookingHomestay/vendor/laravel/framework/src/Illuminate/Foundation/Application.php(1235): Illuminate/Foundation/Console/Kernel->handle()
#9 D:/Study/CLOUD/BookingHomestay/BookingHomestay/artisan(16): Illuminate/Foundation/Application->handleCommand()
#10 {main}
"} 
[2026-06-18 06:23:27] production.ERROR: tempnam(): file created in the system's temporary directory {"exception":"[object] (ErrorException(code: 0): tempnam(): file created in the system's temporary directory at D:/Study/CLOUD/BookingHomestay/BookingHomestay/vendor/laravel/framework/src/Illuminate/Filesystem/Filesystem.php:222)
[stacktrace]
#0 D:/Study/CLOUD/BookingHomestay/BookingHomestay/vendor/laravel/framework/src/Illuminate/Foundation/Bootstrap/HandleExceptions.php(262): Illuminate/Foundation/Bootstrap/HandleExceptions->handleError()
#1 [internal function]: Illuminate/Foundation/Bootstrap/HandleExceptions->{closure:Illuminate/Foundation/Bootstrap/HandleExceptions::forwardsTo():261}()
#2 D:/Study/CLOUD/BookingHomestay/BookingHomestay/vendor/laravel/framework/src/Illuminate/Filesystem/Filesystem.php(222): tempnam()
#3 D:/Study/CLOUD/BookingHomestay/BookingHomestay/vendor/laravel/framework/src/Illuminate/Foundation/PackageManifest.php(182): Illuminate/Filesystem/Filesystem->replace()
#4 D:/Study/CLOUD/BookingHomestay/BookingHomestay/vendor/laravel/framework/src/Illuminate/Foundation/PackageManifest.php(132): Illuminate/Foundation/PackageManifest->write()
#5 D:/Study/CLOUD/BookingHomestay/BookingHomestay/vendor/laravel/framework/src/Illuminate/Foundation/PackageManifest.php(108): Illuminate/Foundation/PackageManifest->build()
#6 D:/Study/CLOUD/BookingHomestay/BookingHomestay/vendor/laravel/framework/src/Illuminate/Foundation/PackageManifest.php(90): Illuminate/Foundation/PackageManifest->getManifest()
#7 D:/Study/CLOUD/BookingHomestay/BookingHomestay/vendor/laravel/framework/src/Illuminate/Foundation/PackageManifest.php(79): Illuminate/Foundation/PackageManifest->config()
#8 D:/Study/CLOUD/BookingHomestay/BookingHomestay/vendor/laravel/framework/src/Illuminate/Foundation/Bootstrap/RegisterFacades.php(26): Illuminate/Foundation/PackageManifest->aliases()
#9 D:/Study/CLOUD/BookingHomestay/BookingHomestay/vendor/laravel/framework/src/Illuminate/Foundation/Application.php(342): Illuminate/Foundation/Bootstrap/RegisterFacades->bootstrap()
#10 D:/Study/CLOUD/BookingHomestay/BookingHomestay/vendor/laravel/framework/src/Illuminate/Foundation/Console/Kernel.php(494): Illuminate/Foundation/Application->bootstrapWith()
#11 D:/Study/CLOUD/BookingHomestay/BookingHomestay/vendor/laravel/framework/src/Illuminate/Foundation/Console/Kernel.php(196): Illuminate/Foundation/Console/Kernel->bootstrap()
#12 D:/Study/CLOUD/BookingHomestay/BookingHomestay/vendor/laravel/framework/src/Illuminate/Foundation/Application.php(1235): Illuminate/Foundation/Console/Kernel->handle()
#13 D:/Study/CLOUD/BookingHomestay/BookingHomestay/artisan(16): Illuminate/Foundation/Application->handleCommand()
#14 {main}
"} 
[2026-06-18 06:32:10] production.ERROR: tempnam(): file created in the system's temporary directory {"exception":"[object] (ErrorException(code: 0): tempnam(): file created in the system's temporary directory at D:/Study/CLOUD/BookingHomestay/BookingHomestay/vendor/laravel/framework/src/Illuminate/Filesystem/Filesystem.php:222)
[stacktrace]
#0 D:/Study/CLOUD/BookingHomestay/BookingHomestay/vendor/laravel/framework/src/Illuminate/Foundation/Bootstrap/HandleExceptions.php(262): Illuminate/Foundation/Bootstrap/HandleExceptions->handleError()
#1 [internal function]: Illuminate/Foundation/Bootstrap/HandleExceptions->{closure:Illuminate/Foundation/Bootstrap/HandleExceptions::forwardsTo():261}()
#2 D:/Study/CLOUD/BookingHomestay/BookingHomestay/vendor/laravel/framework/src/Illuminate/Filesystem/Filesystem.php(222): tempnam()
#3 D:/Study/CLOUD/BookingHomestay/BookingHomestay/vendor/laravel/framework/src/Illuminate/Foundation/PackageManifest.php(182): Illuminate/Filesystem/Filesystem->replace()
#4 D:/Study/CLOUD/BookingHomestay/BookingHomestay/vendor/laravel/framework/src/Illuminate/Foundation/PackageManifest.php(132): Illuminate/Foundation/PackageManifest->write()
#5 D:/Study/CLOUD/BookingHomestay/BookingHomestay/vendor/laravel/framework/src/Illuminate/Foundation/PackageManifest.php(108): Illuminate/Foundation/PackageManifest->build()
#6 D:/Study/CLOUD/BookingHomestay/BookingHomestay/vendor/laravel/framework/src/Illuminate/Foundation/PackageManifest.php(90): Illuminate/Foundation/PackageManifest->getManifest()
#7 D:/Study/CLOUD/BookingHomestay/BookingHomestay/vendor/laravel/framework/src/Illuminate/Foundation/PackageManifest.php(79): Illuminate/Foundation/PackageManifest->config()
#8 D:/Study/CLOUD/BookingHomestay/BookingHomestay/vendor/laravel/framework/src/Illuminate/Foundation/Bootstrap/RegisterFacades.php(26): Illuminate/Foundation/PackageManifest->aliases()
#9 D:/Study/CLOUD/BookingHomestay/BookingHomestay/vendor/laravel/framework/src/Illuminate/Foundation/Application.php(342): Illuminate/Foundation/Bootstrap/RegisterFacades->bootstrap()
#10 D:/Study/CLOUD/BookingHomestay/BookingHomestay/vendor/laravel/framework/src/Illuminate/Foundation/Console/Kernel.php(494): Illuminate/Foundation/Application->bootstrapWith()
#11 D:/Study/CLOUD/BookingHomestay/BookingHomestay/vendor/laravel/framework/src/Illuminate/Foundation/Console/Kernel.php(196): Illuminate/Foundation/Console/Kernel->bootstrap()
#12 D:/Study/CLOUD/BookingHomestay/BookingHomestay/vendor/laravel/framework/src/Illuminate/Foundation/Application.php(1235): Illuminate/Foundation/Console/Kernel->handle()
#13 D:/Study/CLOUD/BookingHomestay/BookingHomestay/artisan(16): Illuminate/Foundation/Application->handleCommand()
#14 {main}
"} 
[2026-06-18 06:32:10] production.ERROR: tempnam(): file created in the system's temporary directory {"exception":"[object] (ErrorException(code: 0): tempnam(): file created in the system's temporary directory at D:/Study/CLOUD/BookingHomestay/BookingHomestay/vendor/laravel/framework/src/Illuminate/Filesystem/Filesystem.php:222)
[stacktrace]
#0 D:/Study/CLOUD/BookingHomestay/BookingHomestay/vendor/laravel/framework/src/Illuminate/Foundation/Bootstrap/HandleExceptions.php(262): Illuminate/Foundation/Bootstrap/HandleExceptions->handleError()
#1 [internal function]: Illuminate/Foundation/Bootstrap/HandleExceptions->{closure:Illuminate/Foundation/Bootstrap/HandleExceptions::forwardsTo():261}()
#2 D:/Study/CLOUD/BookingHomestay/BookingHomestay/vendor/laravel/framework/src/Illuminate/Filesystem/Filesystem.php(222): tempnam()
#3 D:/Study/CLOUD/BookingHomestay/BookingHomestay/vendor/laravel/framework/src/Illuminate/Foundation/PackageManifest.php(182): Illuminate/Filesystem/Filesystem->replace()
#4 D:/Study/CLOUD/BookingHomestay/BookingHomestay/vendor/laravel/framework/src/Illuminate/Foundation/PackageManifest.php(132): Illuminate/Foundation/PackageManifest->write()
#5 D:/Study/CLOUD/BookingHomestay/BookingHomestay/vendor/laravel/framework/src/Illuminate/Foundation/PackageManifest.php(108): Illuminate/Foundation/PackageManifest->build()
#6 D:/Study/CLOUD/BookingHomestay/BookingHomestay/vendor/laravel/framework/src/Illuminate/Foundation/PackageManifest.php(90): Illuminate/Foundation/PackageManifest->getManifest()
#7 D:/Study/CLOUD/BookingHomestay/BookingHomestay/vendor/laravel/framework/src/Illuminate/Foundation/PackageManifest.php(79): Illuminate/Foundation/PackageManifest->config()
#8 D:/Study/CLOUD/BookingHomestay/BookingHomestay/vendor/laravel/framework/src/Illuminate/Foundation/Bootstrap/RegisterFacades.php(26): Illuminate/Foundation/PackageManifest->aliases()
#9 D:/Study/CLOUD/BookingHomestay/BookingHomestay/vendor/laravel/framework/src/Illuminate/Foundation/Application.php(342): Illuminate/Foundation/Bootstrap/RegisterFacades->bootstrap()
#10 D:/Study/CLOUD/BookingHomestay/BookingHomestay/vendor/laravel/framework/src/Illuminate/Foundation/Console/Kernel.php(494): Illuminate/Foundation/Application->bootstrapWith()
#11 D:/Study/CLOUD/BookingHomestay/BookingHomestay/vendor/laravel/framework/src/Illuminate/Foundation/Console/Kernel.php(196): Illuminate/Foundation/Console/Kernel->bootstrap()
#12 D:/Study/CLOUD/BookingHomestay/BookingHomestay/vendor/laravel/framework/src/Illuminate/Foundation/Application.php(1235): Illuminate/Foundation/Console/Kernel->handle()
#13 D:/Study/CLOUD/BookingHomestay/BookingHomestay/artisan(16): Illuminate/Foundation/Application->handleCommand()
#14 {main}
"} 
[2026-06-18 06:32:10] production.ERROR: tempnam(): file created in the system's temporary directory {"exception":"[object] (ErrorException(code: 0): tempnam(): file created in the system's temporary directory at D:/Study/CLOUD/BookingHomestay/BookingHomestay/vendor/laravel/framework/src/Illuminate/Filesystem/Filesystem.php:222)
[stacktrace]
#0 D:/Study/CLOUD/BookingHomestay/BookingHomestay/vendor/laravel/framework/src/Illuminate/Foundation/Bootstrap/HandleExceptions.php(262): Illuminate/Foundation/Bootstrap/HandleExceptions->handleError()
#1 [internal function]: Illuminate/Foundation/Bootstrap/HandleExceptions->{closure:Illuminate/Foundation/Bootstrap/HandleExceptions::forwardsTo():261}()
#2 D:/Study/CLOUD/BookingHomestay/BookingHomestay/vendor/laravel/framework/src/Illuminate/Filesystem/Filesystem.php(222): tempnam()
#3 D:/Study/CLOUD/BookingHomestay/BookingHomestay/vendor/laravel/framework/src/Illuminate/Foundation/PackageManifest.php(182): Illuminate/Filesystem/Filesystem->replace()
#4 D:/Study/CLOUD/BookingHomestay/BookingHomestay/vendor/laravel/framework/src/Illuminate/Foundation/PackageManifest.php(132): Illuminate/Foundation/PackageManifest->write()
#5 D:/Study/CLOUD/BookingHomestay/BookingHomestay/vendor/laravel/framework/src/Illuminate/Foundation/PackageManifest.php(108): Illuminate/Foundation/PackageManifest->build()
#6 D:/Study/CLOUD/BookingHomestay/BookingHomestay/vendor/laravel/framework/src/Illuminate/Foundation/PackageManifest.php(90): Illuminate/Foundation/PackageManifest->getManifest()
#7 D:/Study/CLOUD/BookingHomestay/BookingHomestay/vendor/laravel/framework/src/Illuminate/Foundation/PackageManifest.php(79): Illuminate/Foundation/PackageManifest->config()
#8 D:/Study/CLOUD/BookingHomestay/BookingHomestay/vendor/laravel/framework/src/Illuminate/Foundation/Bootstrap/RegisterFacades.php(26): Illuminate/Foundation/PackageManifest->aliases()
#9 D:/Study/CLOUD/BookingHomestay/BookingHomestay/vendor/laravel/framework/src/Illuminate/Foundation/Application.php(342): Illuminate/Foundation/Bootstrap/RegisterFacades->bootstrap()
#10 D:/Study/CLOUD/BookingHomestay/BookingHomestay/vendor/laravel/framework/src/Illuminate/Foundation/Console/Kernel.php(494): Illuminate/Foundation/Application->bootstrapWith()
#11 D:/Study/CLOUD/BookingHomestay/BookingHomestay/vendor/laravel/framework/src/Illuminate/Foundation/Console/Kernel.php(196): Illuminate/Foundation/Console/Kernel->bootstrap()
#12 D:/Study/CLOUD/BookingHomestay/BookingHomestay/vendor/laravel/framework/src/Illuminate/Foundation/Application.php(1235): Illuminate/Foundation/Console/Kernel->handle()
#13 D:/Study/CLOUD/BookingHomestay/BookingHomestay/artisan(16): Illuminate/Foundation/Application->handleCommand()
#14 {main}
"} 
